﻿
> balamya@0.1.0 build
> vite build

[36mvite v7.3.1 [32mbuilding client environment for production...[36m[39m
transforming...
[32mÔ£ô[39m 17 modules transformed.
node.exe : 
[31mÔ£ù[39m Build 
failed in 444ms
En línea: 1 
Carácter: 1
+ & "C:\Program Files
\nodejs/node.exe" 
"C:\Program 
Files\nodejs/node_mo 
...
+ ~~~~~~~~~~~~~~~~~~~
~~~~~~~~~~~~~~~~~~~~~
~~~~~~~~~~~~~~~~~~~~~
~~~~~~~~
    + CategoryInfo   
           : NotSpe  
  cified: ([31mÔ£   
 ù[39m Build fai    
led in 444ms:Str    
ing) [], RemoteE    
xception
    + FullyQualified 
   ErrorId : Native  
  CommandError
 
[31merror during 
build:
[31m[vite:css] 
[postcss] C:/Users/ch
usi/OneDrive/Desktop/
BALAMYA/src/styles/Ap
p.css:39:5: Unknown 
word  m a x - w i d t
 h [31m
file: [36mC:/Users/c
husi/OneDrive/Desktop
/BALAMYA/src/styles/A
pp.css:39:4[31m
    at Input.error (C
:\Users\chusi\OneDriv
e\Desktop\BALAMYA\nod
e_modules\postcss\lib
\input.js:135:16)
    at 
Parser.unknownWord (C
:\Users\chusi\OneDriv
e\Desktop\BALAMYA\nod
e_modules\postcss\lib
\parser.js:595:22)
    at Parser.decl (C
:\Users\chusi\OneDriv
e\Desktop\BALAMYA\nod
e_modules\postcss\lib
\parser.js:236:16)
    at Parser.other (
C:\Users\chusi\OneDri
ve\Desktop\BALAMYA\no
de_modules\postcss\li
b\parser.js:401:18)
    at Parser.parse (
C:\Users\chusi\OneDri
ve\Desktop\BALAMYA\no
de_modules\postcss\li
b\parser.js:472:16)
    at parse (C:\User
s\chusi\OneDrive\Desk
top\BALAMYA\node_modu
les\postcss\lib\parse
.js:11:12)
    at new 
LazyResult (C:\Users\
chusi\OneDrive\Deskto
p\BALAMYA\node_module
s\postcss\lib\lazy-re
sult.js:165:16)
    at 
Processor.process (C:
\Users\chusi\OneDrive
\Desktop\BALAMYA\node
_modules\postcss\lib\
processor.js:53:14)
    at runPostCSS (fi
le:///C:/Users/chusi/
OneDrive/Desktop/BALA
MYA/node_modules/vite
/dist/node/chunks/con
fig.js:30145:68)
    at async 
compilePostCSS (file:
///C:/Users/chusi/One
Drive/Desktop/BALAMYA
/node_modules/vite/di
st/node/chunks/config
.js:30129:6)[39m
